node.exe : $ vitest run
At C:\Program Files\nodejs\pnpm.ps1:16 char:5
+     & "$basedir/node$exe"  "$basedir/node_modules/corepack/dist/pnpm. ...
+     ~~~~~~~~~~~~~~~~~~~~~~~~~~~~~~~~~~~~~~~~~~~~~~~~~~~~~~~~~~~~~~~~~
    + CategoryInfo          : NotSpecified: ($ vitest run:String) [], RemoteException
    + FullyQualifiedErrorId : NativeCommandError
 

[1m[30m[46m RUN [49m[39m[22m [36mv4.1.8 [39m[90mE:/Workplace/ToolPerformance[39m

 [32mΓ£ô[39m tests/config.test.ts [2m([22m[2m7 tests[22m[2m)[22m[32m 29[2mms[22m[39m
{"level":30,"time":"2026-06-12T05:13:04.413Z","pid":10244,"service":"lighthouse-manual","action":"run.begin","formFactor":"mobile","currentUrl":"https://app.example.com/dashboard?token=secret-query#frag-secret","auditUrl":"https://app.example.com/dashboard?token=secret-query#frag-secret","msg":"Manual tab Lighthouse run starting"}
{"level":30,"time":"2026-06-12T05:13:04.420Z","pid":10244,"service":"lighthouse-manual","action":"run.begin","formFactor":"mobile","currentUrl":"https://app.example.com/dashboard?token=secret-query#frag-secret","auditUrl":"https://app.example.com/dashboard?token=secret-query#frag-secret","msg":"Manual tab Lighthouse run starting"}
{"level":30,"time":"2026-06-12T05:13:04.422Z","pid":10244,"service":"lighthouse-manual","action":"run.begin","formFactor":"desktop","currentUrl":"https://app.example.com/dashboard?token=secret-query#frag-secret","auditUrl":"https://app.example.com/dashboard?token=secret-query#frag-secret","msg":"Manual tab Lighthouse run starting"}
{"level":30,"time":"2026-06-12T05:13:04.424Z","pid":10244,"service":"lighthouse-manual","action":"run.begin","formFactor":"mobile","currentUrl":"https://app.example.com/dashboard?token=secret-query#frag-secret","auditUrl":"https://app.example.com/dashboard?token=secret-query#frag-secret","msg":"Manual tab Lighthouse run starting"}
{"level":30,"time":"2026-06-12T05:13:04.427Z","pid":10244,"service":"lighthouse-manual","action":"run.begin","formFactor":"mobile","currentUrl":"https://app.example.com/dashboard?token=secret-query#frag-secret","auditUrl":"https://app.example.com/dashboard?token=secret-query#frag-secret","msg":"Manual tab Lighthouse run starting"}
{"level":30,"time":"2026-06-12T05:13:04.429Z","pid":10244,"service":"lighthouse-manual","action":"run.begin","formFactor":"mobile","currentUrl":"https://app.example.com/dashboard?token=secret-query#frag-secret","auditUrl":"https://app.example.com/dashboard?token=secret-query#frag-secret","msg":"Manual tab Lighthouse run starting"}
{"level":30,"time":"2026-06-12T05:13:04.434Z","pid":10244,"service":"lighthouse-manual","action":"run.begin","formFactor":"mobile","currentUrl":"https://app.example.com/dashboard?token=secret-query#frag-secret","auditUrl":"https://app.example.com/dashboard?token=secret-query#frag-secret","msg":"Manual tab Lighthouse run starting"}
{"level":40,"time":"2026-06-12T05:13:04.434Z","pid":10244,"service":"lighthouse-manual","action":"blankReset.failed","err":{"type":"Error","message":"Navigation timeout","stack":"Error: Navigation timeout\n    at E:/Workplace/ToolPerformance/tests/manual-tab-runner.test.ts:218:37\n    at file:///E:/Workplace/ToolPerformance/node_modules/.pnpm/@vitest+runner@4.1.8/node_modules/@vitest/runner/dist/chunk-artifact.js:302:11\n    at file:///E:/Workplace/ToolPerformance/node_modules/.pnpm/@vitest+runner@4.1.8/node_modules/@vitest/runner/dist/chunk-artifact.js:1903:26\n    at file:///E:/Workplace/ToolPerformance/node_modules/.pnpm/@vitest+runner@4.1.8/node_modules/@vitest/runner/dist/chunk-artifact.js:2326:20\n    at new Promise (<anonymous>)\n    at runWithCancel (file:///E:/Workplace/ToolPerformance/node_modules/.pnpm/@vitest+runner@4.1.8/node_modules/@vitest/runner/dist/chunk-artifact.js:2323:10)\n    at file:///E:/Workplace/ToolPerformance/node_modules/.pnpm/@vitest+runner@4.1.8/node_modules/@vitest/runner/dist/chunk-artifact.js:2305:20\n    at new Promise (<anonymous>)\n    at runWithTimeout (file:///E:/Workplace/ToolPerformance/node_modules/.pnpm/@vitest+runner@4.1.8/node_modules/@vitest/runner/dist/chunk-artifact.js:2272:10)\n    at file:///E:/Workplace/ToolPerformance/node_modules/.pnpm/@vitest+runner@4.1.8/node_modules/@vitest/runner/dist/chunk-artifact.js:2955:64"},"previousUrl":"https://app.example.com/dashboard?token=secret-query#frag-secret","msg":"Failed to park tab at about:blank before audit ΓÇö proceeding anyway"}
{"level":30,"time":"2026-06-12T05:13:04.440Z","pid":10244,"service":"lighthouse-manual","action":"run.begin","formFactor":"mobile","currentUrl":"https://app.example.com/dashboard?token=secret-query#frag-secret","auditUrl":"https://app.example.com/dashboard?token=secret-query#frag-secret","msg":"Manual tab Lighthouse run starting"}
{"level":50,"time":"2026-06-12T05:13:04.440Z","pid":10244,"service":"lighthouse-manual","action":"lighthouse.runtimeError","code":"NO_NAVSTART","finalUrl":"https://app.example.com/dashboard?token=secret-query#frag-secret","msg":"Lighthouse returned a runtimeError"}
{"level":30,"time":"2026-06-12T05:13:04.441Z","pid":10244,"service":"lighthouse-manual","action":"run.begin","formFactor":"mobile","currentUrl":"https://app.example.com/dashboard?token=secret-query#frag-secret","auditUrl":"https://app.example.com/dashboard?token=secret-query#frag-secret","msg":"Manual tab Lighthouse run starting"}
 [32mΓ£ô[39m tests/manual-tab-runner.test.ts [2m([22m[2m10 tests[22m[2m)[22m[32m 36[2mms[22m[39m
 [32mΓ£ô[39m tests/download-token.test.ts [2m([22m[2m1 test[22m[2m)[22m[32m 51[2mms[22m[39m
 [32mΓ£ô[39m tests/web-manual-chrome.test.ts [2m([22m[2m10 tests[22m[2m)[22m[32m 14[2mms[22m[39m
 [32mΓ£ô[39m tests/credentials.test.ts [2m([22m[2m2 tests[22m[2m)[22m[32m 17[2mms[22m[39m
 [32mΓ£ô[39m tests/app-job-detail.test.ts [2m([22m[2m3 tests[22m[2m)[22m[32m 12[2mms[22m[39m
{"level":30,"time":"2026-06-12T05:13:05.401Z","pid":13324,"service":"manual-chrome","action":"initialize","bootId":"new-boot","port":9222,"profileDir":".lh-audit/chrome-profile","msg":"Manual Chrome initialized"}
{"level":30,"time":"2026-06-12T05:13:05.412Z","pid":13324,"service":"manual-chrome","action":"shutdown","msg":"Manual Chrome session manager shut down"}
{"level":30,"time":"2026-06-12T05:13:05.415Z","pid":13324,"service":"manual-chrome","action":"initialize","bootId":"boot-1","port":9222,"profileDir":".lh-audit/chrome-profile","msg":"Manual Chrome initialized"}
{"level":30,"time":"2026-06-12T05:13:05.416Z","pid":13324,"service":"manual-chrome","action":"startSession.begin","profileSessionId":"profile-1","port":9222,"msg":"Launching manual Chrome"}
{"level":30,"time":"2026-06-12T05:13:05.417Z","pid":13324,"service":"manual-chrome","action":"startSession.launchBegin","timeout":15000,"profileDir":".lh-audit/chrome-profile","msg":"Launching Chrome with launcher"}
{"level":30,"time":"2026-06-12T05:13:05.418Z","pid":13324,"service":"manual-chrome","action":"startSession.launchComplete","durationMs":1,"port":9222,"pid":321,"msg":"Chrome launched successfully"}
{"level":30,"time":"2026-06-12T05:13:05.419Z","pid":13324,"service":"manual-chrome","action":"startSession.ready","profileSessionId":"profile-1","port":9222,"chromePid":321,"msg":"Manual Chrome ready"}
{"level":30,"time":"2026-06-12T05:13:05.419Z","pid":13324,"service":"manual-chrome","action":"connectOwnedSession.connected","profileSessionId":"profile-1","pageCount":4,"msg":"Connected to Chrome instance"}
{"level":30,"time":"2026-06-12T05:13:05.420Z","pid":13324,"service":"manual-chrome","action":"scanTabs","scanId":"scan-1","totalOpenTabs":3,"validTabs":2,"skippedTabs":1,"msg":"Manual Chrome scan completed"}
{"level":30,"time":"2026-06-12T05:13:05.430Z","pid":13324,"service":"manual-chrome","action":"shutdown","msg":"Manual Chrome session manager shut down"}
{"level":30,"time":"2026-06-12T05:13:05.430Z","pid":13324,"service":"manual-chrome","action":"initialize","bootId":"boot-1","port":9222,"profileDir":".lh-audit/chrome-profile","msg":"Manual Chrome initialized"}
{"level":30,"time":"2026-06-12T05:13:05.431Z","pid":13324,"service":"manual-chrome","action":"startSession.begin","profileSessionId":"profile-1","port":9222,"msg":"Launching manual Chrome"}
{"level":40,"time":"2026-06-12T05:13:05.431Z","pid":13324,"service":"manual-chrome","action":"startSession.portInUse","port":9222,"msg":"Manual Chrome port already in use"}
{"level":30,"time":"2026-06-12T05:13:05.432Z","pid":13324,"service":"manual-chrome","action":"shutdown","msg":"Manual Chrome session manager shut down"}
{"level":30,"time":"2026-06-12T05:13:05.432Z","pid":13324,"service":"manual-chrome","action":"initialize","bootId":"boot-1","port":9222,"profileDir":".lh-audit/chrome-profile","msg":"Manual Chrome initialized"}
{"level":30,"time":"2026-06-12T05:13:05.433Z","pid":13324,"service":"manual-chrome","action":"startSession.begin","profileSessionId":"profile-1","port":9222,"msg":"Launching manual Chrome"}
{"level":30,"time":"2026-06-12T05:13:05.434Z","pid":13324,"service":"manual-chrome","action":"startSession.launchBegin","timeout":15000,"profileDir":".lh-audit/chrome-profile","msg":"Launching Chrome with launcher"}
{"level":30,"time":"2026-06-12T05:13:05.435Z","pid":13324,"service":"manual-chrome","action":"startSession.launchComplete","durationMs":1,"port":9222,"pid":321,"msg":"Chrome launched successfully"}
{"level":30,"time":"2026-06-12T05:13:05.435Z","pid":13324,"service":"manual-chrome","action":"startSession.ready","profileSessionId":"profile-1","port":9222,"chromePid":321,"msg":"Manual Chrome ready"}
{"level":30,"time":"2026-06-12T05:13:05.436Z","pid":13324,"service":"manual-chrome","action":"shutdown","msg":"Manual Chrome session manager shut down"}
{"level":30,"time":"2026-06-12T05:13:05.436Z","pid":13324,"service":"manual-chrome","action":"initialize","bootId":"boot-1","port":9222,"profileDir":".lh-audit/chrome-profile","msg":"Manual Chrome initialized"}
{"level":30,"time":"2026-06-12T05:13:05.437Z","pid":13324,"service":"manual-chrome","action":"connectOwnedSession.connected","profileSessionId":"profile-1","pageCount":1,"msg":"Connected to Chrome instance"}
 [31mΓ¥»[39m tests/manual-chrome-session.test.ts [2m([22m[2m5 tests[22m[2m | [22m[31m1 failed[39m[2m)[22m[32m 62[2mms[22m[39m
     [32mΓ£ô[39m generates a fresh boot identity and invalidates the prior session[32m 24[2mms[22m[39m
     [32mΓ£ô[39m launches an app-owned profile, creates a fragment marker, and scans sanitized allowed tabs[32m 16[2mms[22m[39m
     [32mΓ£ô[39m rejects launch when the manual Chrome port is already in use[32m 2[2mms[22m[39m
     [32mΓ£ô[39m rejects concurrent starts while the first launch is in progress[32m 4[2mms[22m[39m
[31m     [31m├ù[31m fails ownership verification when boot identity or marker changed[39m[32m 14[2mms[22m[39m
 [32mΓ£ô[39m tests/manual-chrome-store.test.ts [2m([22m[2m3 tests[22m[2m)[22m[32m 15[2mms[22m[39m
 [32mΓ£ô[39m tests/report.test.ts [2m([22m[2m7 tests[22m[2m)[22m[32m 46[2mms[22m[39m
 [32mΓ£ô[39m tests/manual-compare-payload.test.ts [2m([22m[2m9 tests[22m[2m)[22m[32m 13[2mms[22m[39m
 [32mΓ£ô[39m tests/manual-compare-matching.test.ts [2m([22m[2m6 tests[22m[2m)[22m[32m 14[2mms[22m[39m
 [32mΓ£ô[39m tests/manual-compare-submission.test.ts [2m([22m[2m2 tests[22m[2m)[22m[32m 12[2mms[22m[39m
 [32mΓ£ô[39m tests/route-runner.test.ts [2m([22m[2m2 tests[22m[2m)[22m[32m 14[2mms[22m[39m
{"level":30,"time":1781241186419,"pid":18980,"hostname":"CPP00248884A","reqId":"req-1","req":{"method":"GET","url":"/jobs","host":"localhost:80","remoteAddress":"127.0.0.1"},"msg":"incoming request"}
{"level":30,"time":1781241186433,"pid":18980,"hostname":"CPP00248884A","reqId":"req-1","res":{"statusCode":200},"responseTime":12.799600005149841,"msg":"request completed"}
{"level":30,"time":1781241186450,"pid":18980,"hostname":"CPP00248884A","reqId":"req-1","req":{"method":"GET","url":"/jobs","host":"localhost:80","remoteAddress":"127.0.0.1"},"msg":"incoming request"}
{"level":30,"time":1781241186473,"pid":18980,"hostname":"CPP00248884A","reqId":"req-1","res":{"statusCode":200},"responseTime":22.835299998521805,"msg":"request completed"}
{"level":30,"time":1781241186489,"pid":18980,"hostname":"CPP00248884A","reqId":"req-1","req":{"method":"POST","url":"/jobs","host":"localhost:80","remoteAddress":"127.0.0.1"},"msg":"incoming request"}
{"level":30,"time":1781241186496,"pid":18980,"hostname":"CPP00248884A","reqId":"req-1","res":{"statusCode":403},"responseTime":6.889699995517731,"msg":"request completed"}
{"level":30,"time":1781241186497,"pid":18980,"hostname":"CPP00248884A","reqId":"req-2","req":{"method":"GET","url":"/csrf-token","host":"localhost:80","remoteAddress":"127.0.0.1"},"msg":"incoming request"}
{"level":30,"time":1781241186498,"pid":18980,"hostname":"CPP00248884A","reqId":"req-2","res":{"statusCode":200},"responseTime":0.7836999893188477,"msg":"request completed"}
{"level":30,"time":1781241186499,"pid":18980,"hostname":"CPP00248884A","reqId":"req-3","req":{"method":"POST","url":"/jobs","host":"localhost:80","remoteAddress":"127.0.0.1"},"msg":"incoming request"}
{"level":30,"time":1781241186509,"pid":18980,"hostname":"CPP00248884A","reqId":"req-3","action":"jobs.enqueued","jobId":"6f790010-1d43-4215-9dea-685af14775ec","mode":"static","baseUrl":"https://example.com","paths":1,"formFactors":1,"runsPerPage":1,"msg":"Static audit job enqueued"}
{"level":30,"time":1781241186510,"pid":18980,"hostname":"CPP00248884A","reqId":"req-3","res":{"statusCode":202},"responseTime":10.528899997472763,"msg":"request completed"}
 [32mΓ£ô[39m tests/lhr-extract.test.ts [2m([22m[2m1 test[22m[2m)[22m[32m 8[2mms[22m[39m
{"level":30,"time":1781241186592,"pid":18980,"hostname":"CPP00248884A","reqId":"req-1","req":{"method":"GET","url":"/csrf-token","host":"localhost:80","remoteAddress":"127.0.0.1"},"msg":"incoming request"}
{"level":30,"time":1781241186595,"pid":18980,"hostname":"CPP00248884A","reqId":"req-1","res":{"statusCode":200},"responseTime":1.4731999933719635,"msg":"request completed"}
{"level":30,"time":1781241186601,"pid":18980,"hostname":"CPP00248884A","reqId":"req-2","req":{"method":"GET","url":"/jobs/job-download/download?token=eyJhbGciOiJIUzI1NiJ9.eyJqb2JJZCI6ImpvYi1kb3dubG9hZCIsImp0aSI6ImIwODYwZDE3LWE4YTAtNDBmNy1iYmRhLTUyZGE1OGVlYmQ5MCIsImlhdCI6MTc4MTI0MTE4NiwiZXhwIjoxNzgxMjQ0Nzg2fQ.HX5oeJInS6uLlMFWyjjc8Twty79k5KUKYNEFJc_toiY","host":"localhost:80","remoteAddress":"127.0.0.1"},"msg":"incoming request"}
{"level":30,"time":1781241186628,"pid":18980,"hostname":"CPP00248884A","reqId":"req-2","action":"report.download","jobId":"job-download","msg":"Audit report downloaded"}
{"level":30,"time":1781241186639,"pid":18980,"hostname":"CPP00248884A","reqId":"req-2","res":{"statusCode":200},"responseTime":38.056099981069565,"msg":"request completed"}
 [32mΓ£ô[39m tests/manual-chrome-access.test.ts [2m([22m[2m5 tests[22m[2m)[22m[32m 12[2mms[22m[39m
{"level":30,"time":1781241186695,"pid":18980,"hostname":"CPP00248884A","reqId":"req-1","req":{"method":"GET","url":"/jobs/job-evidence/evidence/lighthouse-01-root-desktop-run-1.html?token=eyJhbGciOiJIUzI1NiJ9.eyJqb2JJZCI6ImpvYi1ldmlkZW5jZSIsImp0aSI6ImI3OTU5YWUwLWJkNWItNDQzMC1hZmY3LTM4OTIwMzczMGQ2YiIsImlhdCI6MTc4MTI0MTE4NiwiZXhwIjoxNzgxMjQ0Nzg2fQ.nzFs1-kTnn7010CBt6_5yEy9xbKsrz9mOQmpfBuzJLQ","host":"localhost:80","remoteAddress":"127.0.0.1"},"msg":"incoming request"}
{"level":30,"time":1781241186732,"pid":18980,"hostname":"CPP00248884A","reqId":"req-1","res":{"statusCode":200},"responseTime":36.65819999575615,"msg":"request completed"}
{"level":30,"time":1781241186736,"pid":18980,"hostname":"CPP00248884A","reqId":"req-2","req":{"method":"GET","url":"/jobs/job-evidence/evidence/lighthouse-01-root-desktop-run-1.html?token=eyJhbGciOiJIUzI1NiJ9.eyJqb2JJZCI6ImpvYi1ldmlkZW5jZSIsImp0aSI6ImI3OTU5YWUwLWJkNWItNDQzMC1hZmY3LTM4OTIwMzczMGQ2YiIsImlhdCI6MTc4MTI0MTE4NiwiZXhwIjoxNzgxMjQ0Nzg2fQ.nzFs1-kTnn7010CBt6_5yEy9xbKsrz9mOQmpfBuzJLQ","host":"localhost:80","remoteAddress":"127.0.0.1"},"msg":"incoming request"}
{"level":30,"time":1781241186748,"pid":18980,"hostname":"CPP00248884A","reqId":"req-2","res":{"statusCode":200},"responseTime":11.947100013494492,"msg":"request completed"}
 [31mΓ¥»[39m tests/env-config.test.ts [2m([22m[2m5 tests[22m[2m | [22m[31m2 failed[39m[2m)[22m[32m 25[2mms[22m[39m
[31m     [31m├ù[31m keeps manual Chrome disabled with safe defaults[39m[32m 15[2mms[22m[39m
[31m     [31m├ù[31m loads an enabled local manual Chrome configuration[39m[32m 3[2mms[22m[39m
     [32mΓ£ô[39m always auto-opens manual Chrome when the feature is enabled[32m 1[2mms[22m[39m
     [32mΓ£ô[39m allows enabled manual mode without an ALLOWED_HOSTS allow-list (open to any host)[32m 2[2mms[22m[39m
     [32mΓ£ô[39m rejects invalid manual Chrome numeric limits[32m 1[2mms[22m[39m
{"level":30,"time":1781241186826,"pid":18980,"hostname":"CPP00248884A","reqId":"req-1","req":{"method":"GET","url":"/jobs/job-detail/detail","host":"localhost:80","remoteAddress":"127.0.0.1"},"msg":"incoming request"}
{"level":30,"time":1781241186832,"pid":18980,"hostname":"CPP00248884A","reqId":"req-1","res":{"statusCode":200},"responseTime":6.046400010585785,"msg":"request completed"}
{"level":30,"time":1781241186836,"pid":18980,"hostname":"CPP00248884A","reqId":"req-2","req":{"method":"GET","url":"/jobs/job-detail/download?token=eyJhbGciOiJIUzI1NiJ9.eyJqb2JJZCI6ImpvYi1kZXRhaWwiLCJqdGkiOiJhODMyNzZmOS0yNDRmLTQxYzAtYjE4My1iZWMwYWY5ZjNmODgiLCJpYXQiOjE3ODEyNDExODYsImV4cCI6MTc4MTI0NDc4Nn0.nAsvfjMQrDtTxMBrRdE4HJIbXGtOd91IASubAgVxATc","host":"localhost:80","remoteAddress":"127.0.0.1"},"msg":"incoming request"}
 [32mΓ£ô[39m tests/app-manual-chrome.test.ts [2m([22m[2m21 tests[22m[2m)[22m[33m 928[2mms[22m[39m
     [33m[2mΓ£ô[22m[39m reports manual Chrome availability through the health check [33m 572[2mms[22m[39m
{"level":30,"time":1781241186841,"pid":18980,"hostname":"CPP00248884A","reqId":"req-2","action":"report.download","jobId":"job-detail","msg":"Audit report downloaded"}
{"level":30,"time":1781241186868,"pid":18980,"hostname":"CPP00248884A","reqId":"req-2","res":{"statusCode":200},"responseTime":31.809599995613098,"msg":"request completed"}
 [32mΓ£ô[39m tests/app-job-history.test.ts [2m([22m[2m1 test[22m[2m)[22m[32m 7[2mms[22m[39m
{"level":30,"time":1781241186917,"pid":18980,"hostname":"CPP00248884A","reqId":"req-1","req":{"method":"GET","url":"/jobs/job-detail-legacy/detail","host":"localhost:80","remoteAddress":"127.0.0.1"},"msg":"incoming request"}
{"level":30,"time":1781241186929,"pid":18980,"hostname":"CPP00248884A","reqId":"req-1","res":{"statusCode":200},"responseTime":11.836899995803833,"msg":"request completed"}
{"level":30,"time":1781241186967,"pid":18980,"hostname":"CPP00248884A","reqId":"req-1","req":{"method":"GET","url":"/jobs/job-evidence/evidence/lighthouse-01-root-desktop-run-1.html?token=eyJhbGciOiJIUzI1NiJ9.eyJqb2JJZCI6Im90aGVyLWpvYiIsImp0aSI6ImE4ZDE5NWNiLTFmMjgtNDg5Zi05NzBhLWQ3Y2I2YjI5ZTkzZSIsImlhdCI6MTc4MTI0MTE4NiwiZXhwIjoxNzgxMjQ0Nzg2fQ.0pqRX5xsjUfidnFvhJoSO0TZqtV1ZbCvcR8TW_KTV98","host":"localhost:80","remoteAddress":"127.0.0.1"},"msg":"incoming request"}
{"level":30,"time":1781241186984,"pid":18980,"hostname":"CPP00248884A","reqId":"req-1","req":{"method":"GET","url":"/csrf-token","host":"localhost:80","remoteAddress":"127.0.0.1"},"msg":"incoming request"}
{"level":30,"time":1781241186968,"pid":18980,"hostname":"CPP00248884A","reqId":"req-1","res":{"statusCode":401},"responseTime":0.864300012588501,"msg":"request completed"}
{"level":30,"time":1781241186969,"pid":18980,"hostname":"CPP00248884A","reqId":"req-2","req":{"method":"GET","url":"/jobs/job-evidence/evidence/missing.html?token=eyJhbGciOiJIUzI1NiJ9.eyJqb2JJZCI6Im90aGVyLWpvYiIsImp0aSI6ImE4ZDE5NWNiLTFmMjgtNDg5Zi05NzBhLWQ3Y2I2YjI5ZTkzZSIsImlhdCI6MTc4MTI0MTE4NiwiZXhwIjoxNzgxMjQ0Nzg2fQ.0pqRX5xsjUfidnFvhJoSO0TZqtV1ZbCvcR8TW_KTV98","host":"localhost:80","remoteAddress":"127.0.0.1"},"msg":"incoming request"}
{"level":30,"time":1781241186971,"pid":18980,"hostname":"CPP00248884A","reqId":"req-2","res":{"statusCode":401},"responseTime":1.8138999938964844,"msg":"request completed"}
{"level":30,"time":1781241186985,"pid":18980,"hostname":"CPP00248884A","reqId":"req-1","res":{"statusCode":200},"responseTime":1.26910001039505,"msg":"request completed"}
{"level":30,"time":1781241186986,"pid":18980,"hostname":"CPP00248884A","reqId":"req-2","req":{"method":"POST","url":"/jobs","host":"localhost:80","remoteAddress":"127.0.0.1"},"msg":"incoming request"}
{"level":30,"time":1781241186988,"pid":18980,"hostname":"CPP00248884A","reqId":"req-2","action":"jobs.enqueued","jobId":"8d371fd3-0677-4296-a8a5-f87d08d85ea8","mode":"static","baseUrl":"https://example.com","paths":1,"formFactors":1,"runsPerPage":1,"msg":"Static audit job enqueued"}
{"level":30,"time":1781241186989,"pid":18980,"hostname":"CPP00248884A","reqId":"req-2","res":{"statusCode":202},"responseTime":2.367499977350235,"msg":"request completed"}
{"level":30,"time":1781241186989,"pid":18980,"hostname":"CPP00248884A","reqId":"req-3","req":{"method":"GET","url":"/csrf-token","host":"localhost:80","remoteAddress":"127.0.0.1"},"msg":"incoming request"}
{"level":30,"time":1781241186990,"pid":18980,"hostname":"CPP00248884A","reqId":"req-3","res":{"statusCode":200},"responseTime":0.24129998683929443,"msg":"request completed"}
{"level":30,"time":1781241186990,"pid":18980,"hostname":"CPP00248884A","reqId":"req-4","req":{"method":"POST","url":"/jobs","host":"localhost:80","remoteAddress":"127.0.0.1"},"msg":"incoming request"}
{"level":30,"time":1781241186999,"pid":18980,"hostname":"CPP00248884A","reqId":"req-1","req":{"method":"GET","url":"/jobs/job-1/events","host":"localhost:80","remoteAddress":"127.0.0.1"},"msg":"incoming request"}
{"level":30,"time":1781241186992,"pid":18980,"hostname":"CPP00248884A","reqId":"req-4","action":"jobs.enqueued","jobId":"645ee6ec-601f-48e9-920b-162f676b387f","mode":"static","baseUrl":"https://example.com","paths":1,"formFactors":1,"runsPerPage":1,"msg":"Static audit job enqueued"}
{"level":30,"time":1781241186992,"pid":18980,"hostname":"CPP00248884A","reqId":"req-4","res":{"statusCode":202},"responseTime":1.939199984073639,"msg":"request completed"}
{"level":30,"time":1781241187010,"pid":18980,"hostname":"CPP00248884A","reqId":"req-1","res":{"statusCode":200},"responseTime":7.576400011777878,"msg":"request completed"}
 [32mΓ£ô[39m tests/server-app.test.ts [2m([22m[2m10 tests[22m[2m)[22m[33m 1187[2mms[22m[39m
     [33m[2mΓ£ô[22m[39m lists persisted jobs newest first without exposing saved config [33m 609[2mms[22m[39m
 [32mΓ£ô[39m tests/progress.test.ts [2m([22m[2m1 test[22m[2m)[22m[32m 7[2mms[22m[39m
 [32mΓ£ô[39m tests/app-route.test.ts [2m([22m[2m1 test[22m[2m)[22m[32m 7[2mms[22m[39m
 [32mΓ£ô[39m tests/lighthouse-configs.test.ts [2m([22m[2m2 tests[22m[2m)[22m[32m 6[2mms[22m[39m
 [31mΓ¥»[39m tests/report-files.test.ts [2m([22m[2m8 tests[22m[2m | [22m[31m1 failed[39m[2m)[22m[32m 163[2mms[22m[39m
     [32mΓ£ô[39m deletes job report directories older than 24 hours and keeps recent reports[32m 29[2mms[22m[39m
     [32mΓ£ô[39m does not fail when no jobs directory exists[32m 1[2mms[22m[39m
     [32mΓ£ô[39m writes one Lighthouse HTML evidence file for each successful run and records them in metadata[32m 33[2mms[22m[39m
[31m     [31m├ù[31m writes a shared evidence index that groups Lighthouse reports by environment[39m[32m 43[2mms[22m[39m
     [32mΓ£ô[39m writes no HTML evidence when evidenceMode is none[32m 11[2mms[22m[39m
     [32mΓ£ô[39m writes HTML evidence when evidenceMode is html[32m 22[2mms[22m[39m
     [32mΓ£ô[39m discards an oversized evidence file and records a diagnostic[32m 11[2mms[22m[39m
     [32mΓ£ô[39m never writes the raw manual auditUrl query string into meta.json[32m 10[2mms[22m[39m
 [32mΓ£ô[39m tests/lighthouse-html-report.test.ts [2m([22m[2m1 test[22m[2m)[22m[32m 6[2mms[22m[39m
{"level":30,"time":"2026-06-12T05:13:08.835Z","pid":18268,"service":"worker","jobId":"job-html-evidence","action":"job.start","attempt":null,"msg":"Audit job starting"}
{"level":30,"time":"2026-06-12T05:13:08.836Z","pid":18268,"service":"worker","jobId":"job-html-evidence","action":"static.start","environments":1,"paths":1,"formFactors":1,"runsPerPage":2,"totalRuns":2,"msg":"Static audit plan resolved"}
{"level":30,"time":"2026-06-12T05:13:08.838Z","pid":18268,"service":"worker","jobId":"job-html-evidence","action":"static.reportPhase","completedRuns":2,"totalRuns":2,"msg":"Generating Excel and HTML reports"}
{"level":30,"time":"2026-06-12T05:13:08.931Z","pid":18268,"service":"worker","jobId":"job-html-evidence","action":"job.done","durationMs":96,"msg":"Audit job done"}
{"level":30,"time":"2026-06-12T05:13:08.942Z","pid":10764,"service":"worker","jobId":"job-manual-ok","action":"job.start","attempt":null,"msg":"Audit job starting"}
{"level":30,"time":"2026-06-12T05:13:08.944Z","pid":10764,"service":"worker","jobId":"job-manual-ok","action":"manual.lockAcquired","profileSessionId":"profile-1","msg":"Manual Chrome lock acquired"}
{"level":30,"time":"2026-06-12T05:13:08.945Z","pid":10764,"service":"worker","jobId":"job-manual-ok","action":"manual.start","targets":1,"formFactors":1,"runsPerPage":1,"totalRuns":1,"msg":"Manual audit plan resolved"}
{"level":30,"time":"2026-06-12T05:13:08.945Z","pid":10764,"service":"worker","jobId":"job-manual-ok","action":"manual.formFactor.start","route":"/01-dashboard","formFactor":"desktop","runsTotal":1,"hasPage":true,"hasAuditUrl":true,"msg":"Starting form factor"}
{"level":30,"time":"2026-06-12T05:13:08.946Z","pid":10764,"service":"worker","jobId":"job-manual-ok","action":"manual.runOk","route":"/01-dashboard","formFactor":"desktop","runIndex":1,"durationMs":0,"msg":"Manual tab Lighthouse run succeeded"}
{"level":30,"time":"2026-06-12T05:13:08.951Z","pid":18268,"service":"worker","jobId":"job-compare-evidence","action":"job.start","attempt":null,"msg":"Audit job starting"}
{"level":30,"time":"2026-06-12T05:13:08.952Z","pid":10764,"service":"worker","jobId":"job-manual-ok","action":"manual.formFactor.done","route":"/01-dashboard","formFactor":"desktop","status":"ok","successful":1,"failed":0,"runsTotal":1,"msg":"Form factor finished"}
{"level":30,"time":"2026-06-12T05:13:08.952Z","pid":18268,"service":"worker","jobId":"job-compare-evidence","action":"static.start","environments":2,"paths":1,"formFactors":2,"runsPerPage":1,"totalRuns":4,"msg":"Static audit plan resolved"}
{"level":30,"time":"2026-06-12T05:13:08.953Z","pid":18268,"service":"worker","jobId":"job-compare-evidence","action":"static.reportPhase","completedRuns":4,"totalRuns":4,"msg":"Generating Excel and HTML reports"}
{"level":30,"time":"2026-06-12T05:13:09.010Z","pid":18268,"service":"worker","jobId":"job-compare-evidence","action":"job.done","durationMs":59,"msg":"Audit job done"}
{"level":30,"time":"2026-06-12T05:13:09.035Z","pid":10764,"service":"worker","jobId":"job-manual-ok","action":"manual.lockReleased","profileSessionId":"profile-1","msg":"Manual Chrome lock released"}
{"level":30,"time":"2026-06-12T05:13:09.037Z","pid":18268,"service":"worker","jobId":"job-static-guard","action":"job.start","attempt":null,"msg":"Audit job starting"}
{"level":30,"time":"2026-06-12T05:13:09.037Z","pid":18268,"service":"worker","jobId":"job-static-guard","action":"static.start","environments":1,"paths":1,"formFactors":1,"runsPerPage":2,"totalRuns":2,"msg":"Static audit plan resolved"}
{"level":30,"time":"2026-06-12T05:13:09.037Z","pid":18268,"service":"worker","jobId":"job-static-guard","action":"static.reportPhase","completedRuns":2,"totalRuns":2,"msg":"Generating Excel and HTML reports"}
{"level":30,"time":"2026-06-12T05:13:09.036Z","pid":10764,"service":"worker","jobId":"job-manual-ok","action":"job.done","durationMs":93,"mode":"manual-tabs","msg":"Audit job done"}
{"level":30,"time":"2026-06-12T05:13:09.060Z","pid":10764,"service":"worker","jobId":"job-manual-compare","action":"job.start","attempt":null,"msg":"Audit job starting"}
{"level":30,"time":"2026-06-12T05:13:09.061Z","pid":10764,"service":"worker","jobId":"job-manual-compare","action":"manual.lockAcquired","profileSessionId":"profile-1","msg":"Manual Chrome lock acquired"}
{"level":30,"time":"2026-06-12T05:13:09.061Z","pid":10764,"service":"worker","jobId":"job-manual-compare","action":"manual.start","targets":2,"formFactors":1,"runsPerPage":1,"totalRuns":2,"msg":"Manual audit plan resolved"}
{"level":30,"time":"2026-06-12T05:13:09.061Z","pid":10764,"service":"worker","jobId":"job-manual-compare","action":"manual.formFactor.start","route":"/checkout","formFactor":"desktop","runsTotal":1,"hasPage":true,"hasAuditUrl":true,"msg":"Starting form factor"}
{"level":30,"time":"2026-06-12T05:13:09.061Z","pid":10764,"service":"worker","jobId":"job-manual-compare","action":"manual.runOk","route":"/checkout","formFactor":"desktop","runIndex":1,"durationMs":0,"msg":"Manual tab Lighthouse run succeeded"}
{"level":30,"time":"2026-06-12T05:13:09.061Z","pid":10764,"service":"worker","jobId":"job-manual-compare","action":"manual.formFactor.done","route":"/checkout","formFactor":"desktop","status":"ok","successful":1,"failed":0,"runsTotal":1,"msg":"Form factor finished"}
{"level":30,"time":"2026-06-12T05:13:09.062Z","pid":10764,"service":"worker","jobId":"job-manual-compare","action":"manual.formFactor.start","route":"/checkout","formFactor":"desktop","runsTotal":1,"hasPage":true,"hasAuditUrl":true,"msg":"Starting form factor"}
{"level":30,"time":"2026-06-12T05:13:09.062Z","pid":10764,"service":"worker","jobId":"job-manual-compare","action":"manual.runOk","route":"/checkout","formFactor":"desktop","runIndex":1,"durationMs":0,"msg":"Manual tab Lighthouse run succeeded"}
{"level":30,"time":"2026-06-12T05:13:09.062Z","pid":10764,"service":"worker","jobId":"job-manual-compare","action":"manual.formFactor.done","route":"/checkout","formFactor":"desktop","status":"ok","successful":1,"failed":0,"runsTotal":1,"msg":"Form factor finished"}
{"level":30,"time":"2026-06-12T05:13:09.070Z","pid":18268,"service":"worker","jobId":"job-static-guard","action":"job.done","durationMs":33,"msg":"Audit job done"}
{"level":30,"time":"2026-06-12T05:13:09.080Z","pid":18268,"service":"worker","jobId":"job-manual-ok","action":"job.start","attempt":null,"msg":"Audit job starting"}
{"level":30,"time":"2026-06-12T05:13:09.081Z","pid":18268,"service":"worker","jobId":"job-manual-ok","action":"manual.lockAcquired","profileSessionId":"profile-1","msg":"Manual Chrome lock acquired"}
{"level":30,"time":"2026-06-12T05:13:09.081Z","pid":18268,"service":"worker","jobId":"job-manual-ok","action":"manual.start","targets":1,"formFactors":1,"runsPerPage":1,"totalRuns":1,"msg":"Manual audit plan resolved"}
{"level":30,"time":"2026-06-12T05:13:09.082Z","pid":18268,"service":"worker","jobId":"job-manual-ok","action":"manual.formFactor.start","route":"/01-home","formFactor":"desktop","runsTotal":1,"hasPage":true,"hasAuditUrl":true,"msg":"Starting form factor"}
{"level":30,"time":"2026-06-12T05:13:09.082Z","pid":18268,"service":"worker","jobId":"job-manual-ok","action":"manual.runOk","route":"/01-home","formFactor":"desktop","runIndex":1,"durationMs":10,"msg":"Manual tab Lighthouse run succeeded"}
{"level":30,"time":"2026-06-12T05:13:09.082Z","pid":18268,"service":"worker","jobId":"job-manual-ok","action":"manual.formFactor.done","route":"/01-home","formFactor":"desktop","status":"ok","successful":1,"failed":0,"runsTotal":1,"msg":"Form factor finished"}
{"level":30,"time":"2026-06-12T05:13:09.100Z","pid":10764,"service":"worker","jobId":"job-manual-compare","action":"manual.lockReleased","profileSessionId":"profile-1","msg":"Manual Chrome lock released"}
{"level":30,"time":"2026-06-12T05:13:09.100Z","pid":10764,"service":"worker","jobId":"job-manual-compare","action":"job.done","durationMs":40,"mode":"manual-tabs","msg":"Audit job done"}
{"level":30,"time":"2026-06-12T05:13:09.108Z","pid":18268,"service":"worker","jobId":"job-manual-ok","action":"manual.lockReleased","profileSessionId":"profile-1","msg":"Manual Chrome lock released"}
{"level":30,"time":"2026-06-12T05:13:09.108Z","pid":18268,"service":"worker","jobId":"job-manual-ok","action":"job.done","durationMs":28,"mode":"manual-tabs","msg":"Audit job done"}
{"level":30,"time":"2026-06-12T05:13:09.117Z","pid":18268,"service":"worker","jobId":"job-manual-sanitize","action":"job.start","attempt":null,"msg":"Audit job starting"}
{"level":30,"time":"2026-06-12T05:13:09.118Z","pid":18268,"service":"worker","jobId":"job-manual-sanitize","action":"manual.lockAcquired","profileSessionId":"profile-1","msg":"Manual Chrome lock acquired"}
{"level":30,"time":"2026-06-12T05:13:09.118Z","pid":18268,"service":"worker","jobId":"job-manual-sanitize","action":"manual.start","targets":1,"formFactors":1,"runsPerPage":1,"totalRuns":1,"msg":"Manual audit plan resolved"}
{"level":30,"time":"2026-06-12T05:13:09.118Z","pid":18268,"service":"worker","jobId":"job-manual-sanitize","action":"manual.formFactor.start","route":"/01-home","formFactor":"desktop","runsTotal":1,"hasPage":true,"hasAuditUrl":true,"msg":"Starting form factor"}
{"level":30,"time":"2026-06-12T05:13:09.118Z","pid":18268,"service":"worker","jobId":"job-manual-sanitize","action":"manual.runOk","route":"/01-home","formFactor":"desktop","runIndex":1,"durationMs":10,"msg":"Manual tab Lighthouse run succeeded"}
{"level":30,"time":"2026-06-12T05:13:09.118Z","pid":18268,"service":"worker","jobId":"job-manual-sanitize","action":"manual.formFactor.done","route":"/01-home","formFactor":"desktop","status":"ok","successful":1,"failed":0,"runsTotal":1,"msg":"Form factor finished"}
{"level":30,"time":"2026-06-12T05:13:09.145Z","pid":18268,"service":"worker","jobId":"job-manual-sanitize","action":"manual.lockReleased","profileSessionId":"profile-1","msg":"Manual Chrome lock released"}
{"level":30,"time":"2026-06-12T05:13:09.145Z","pid":18268,"service":"worker","jobId":"job-manual-sanitize","action":"job.done","durationMs":28,"mode":"manual-tabs","msg":"Audit job done"}
{"level":30,"time":"2026-06-12T05:13:09.156Z","pid":18268,"service":"worker","jobId":"job-manual-lost","action":"job.start","attempt":null,"msg":"Audit job starting"}
{"level":40,"time":"2026-06-12T05:13:09.156Z","pid":18268,"service":"worker","jobId":"job-manual-lost","action":"manual.lockLost","profileSessionId":"profile-1","msg":"Manual Chrome lock was not acquired"}
{"level":50,"time":"2026-06-12T05:13:09.156Z","pid":18268,"service":"worker","jobId":"job-manual-lost","action":"job.error","durationMs":0,"mode":"manual-tabs","err":{"type":"Error","message":"Manual Chrome lock is no longer owned by this job","stack":"Error: Manual Chrome lock is no longer owned by this job\n    at processManualTabsAuditJob (E:/Workplace/ToolPerformance/src/worker/audit-worker.ts:304:11)\n    at processAuditJob (E:/Workplace/ToolPerformance/src/worker/audit-worker.ts:90:11)"},"msg":"Audit job threw"}
{"level":30,"time":"2026-06-12T05:13:09.169Z","pid":18268,"service":"worker","jobId":"job-manual-renew","action":"job.start","attempt":null,"msg":"Audit job starting"}
{"level":30,"time":"2026-06-12T05:13:09.169Z","pid":18268,"service":"worker","jobId":"job-manual-renew","action":"manual.lockAcquired","profileSessionId":"profile-1","msg":"Manual Chrome lock acquired"}
{"level":30,"time":"2026-06-12T05:13:09.169Z","pid":18268,"service":"worker","jobId":"job-manual-renew","action":"manual.start","targets":1,"formFactors":1,"runsPerPage":3,"totalRuns":3,"msg":"Manual audit plan resolved"}
{"level":30,"time":"2026-06-12T05:13:09.169Z","pid":18268,"service":"worker","jobId":"job-manual-renew","action":"manual.formFactor.start","route":"/01-home","formFactor":"desktop","runsTotal":3,"hasPage":true,"hasAuditUrl":true,"msg":"Starting form factor"}
{"level":30,"time":"2026-06-12T05:13:09.197Z","pid":18268,"service":"worker","jobId":"job-manual-renew","action":"manual.runOk","route":"/01-home","formFactor":"desktop","runIndex":1,"durationMs":10,"msg":"Manual tab Lighthouse run succeeded"}
{"level":30,"time":"2026-06-12T05:13:09.198Z","pid":18268,"service":"worker","jobId":"job-manual-renew","action":"manual.lockReleased","profileSessionId":"profile-1","msg":"Manual Chrome lock released"}
{"level":50,"time":"2026-06-12T05:13:09.198Z","pid":18268,"service":"worker","jobId":"job-manual-renew","action":"job.error","durationMs":29,"mode":"manual-tabs","err":{"type":"FatalAuditError","message":"Manual Chrome lock was lost or superseded","stack":"Error: Manual Chrome lock was lost or superseded\n    at Object.runOnce (E:/Workplace/ToolPerformance/src/worker/audit-worker.ts:421:21)\n    at runRouteAudits (E:/Workplace/ToolPerformance/tests/audit-worker-process.test.ts:402:37)\n    at processManualTabsAuditJob (E:/Workplace/ToolPerformance/src/worker/audit-worker.ts:413:27)\n    at processAuditJob (E:/Workplace/ToolPerformance/src/worker/audit-worker.ts:90:11)\n    at E:/Workplace/ToolPerformance/tests/audit-worker-process.test.ts:331:5\n    at file:///E:/Workplace/ToolPerformance/node_modules/.pnpm/@vitest+runner@4.1.8/node_modules/@vitest/runner/dist/chunk-artifact.js:1903:20","fatal":true},"msg":"Audit job threw"}
{"level":30,"time":"2026-06-12T05:13:09.201Z","pid":10764,"service":"worker","jobId":"job-stale-lock","action":"job.start","attempt":null,"msg":"Audit job starting"}
{"level":30,"time":"2026-06-12T05:13:09.208Z","pid":18268,"service":"worker","jobId":"job-manual-missing","action":"job.start","attempt":null,"msg":"Audit job starting"}
{"level":40,"time":"2026-06-12T05:13:09.201Z","pid":10764,"service":"worker","jobId":"job-stale-lock","action":"manual.lockLost","profileSessionId":"profile-1","msg":"Manual Chrome lock was not acquired"}
{"level":50,"time":"2026-06-12T05:13:09.201Z","pid":10764,"service":"worker","jobId":"job-stale-lock","action":"job.error","durationMs":0,"mode":"manual-tabs","err":{"type":"Error","message":"Manual Chrome lock is no longer owned by this job","stack":"Error: Manual Chrome lock is no longer owned by this job\n    at processManualTabsAuditJob (E:/Workplace/ToolPerformance/src/worker/audit-worker.ts:304:11)\n    at processAuditJob (E:/Workplace/ToolPerformance/src/worker/audit-worker.ts:90:11)\n    at runManualJob (E:/Workplace/ToolPerformance/tests/audit-worker-manual.test.ts:163:18)\n    at E:/Workplace/ToolPerformance/tests/audit-worker-manual.test.ts:284:5\n    at file:///E:/Workplace/ToolPerformance/node_modules/.pnpm/@vitest+runner@4.1.8/node_modules/@vitest/runner/dist/chunk-artifact.js:1903:20"},"msg":"Audit job threw"}
{"level":30,"time":"2026-06-12T05:13:09.208Z","pid":18268,"service":"worker","jobId":"job-manual-missing","action":"manual.lockAcquired","profileSessionId":"profile-1","msg":"Manual Chrome lock acquired"}
{"level":30,"time":"2026-06-12T05:13:09.208Z","pid":18268,"service":"worker","jobId":"job-manual-missing","action":"manual.start","targets":2,"formFactors":1,"runsPerPage":1,"totalRuns":2,"msg":"Manual audit plan resolved"}
{"level":30,"time":"2026-06-12T05:13:09.208Z","pid":18268,"service":"worker","jobId":"job-manual-missing","action":"manual.formFactor.start","route":"/01-home","formFactor":"desktop","runsTotal":1,"hasPage":true,"hasAuditUrl":true,"msg":"Starting form factor"}
{"level":30,"time":"2026-06-12T05:13:09.208Z","pid":18268,"service":"worker","jobId":"job-manual-missing","action":"manual.runOk","route":"/01-home","formFactor":"desktop","runIndex":1,"durationMs":10,"msg":"Manual tab Lighthouse run succeeded"}
{"level":30,"time":"2026-06-12T05:13:09.208Z","pid":18268,"service":"worker","jobId":"job-manual-missing","action":"manual.formFactor.done","route":"/01-home","formFactor":"desktop","status":"ok","successful":1,"failed":0,"runsTotal":1,"msg":"Form factor finished"}
{"level":30,"time":"2026-06-12T05:13:09.209Z","pid":18268,"service":"worker","jobId":"job-manual-missing","action":"manual.formFactor.start","route":"/02-away","formFactor":"desktop","runsTotal":1,"hasPage":false,"hasAuditUrl":true,"msg":"Starting form factor"}
{"level":40,"time":"2026-06-12T05:13:09.209Z","pid":18268,"service":"worker","jobId":"job-manual-missing","action":"manual.tabMissing","route":"/02-away","formFactor":"desktop","msg":"Manual tab missing ΓÇö skipping form factor"}
{"level":30,"time":"2026-06-12T05:13:09.216Z","pid":10764,"service":"worker","jobId":"job-restarted","action":"job.start","attempt":null,"msg":"Audit job starting"}
{"level":30,"time":"2026-06-12T05:13:09.216Z","pid":10764,"service":"worker","jobId":"job-restarted","action":"manual.lockAcquired","profileSessionId":"profile-1","msg":"Manual Chrome lock acquired"}
{"level":50,"time":"2026-06-12T05:13:09.216Z","pid":10764,"service":"worker","jobId":"job-restarted","action":"job.error","durationMs":0,"mode":"manual-tabs","err":{"type":"Error","message":"Manual Chrome profile is not owned by this worker","stack":"Error: Manual Chrome profile is not owned by this worker\n    at verifyWorkerOwnedSession (E:/Workplace/ToolPerformance/src/worker/audit-worker.ts:633:11)\n    at processManualTabsAuditJob (E:/Workplace/ToolPerformance/src/worker/audit-worker.ts:308:19)\n    at processAuditJob (E:/Workplace/ToolPerformance/src/worker/audit-worker.ts:90:11)\n    at runManualJob (E:/Workplace/ToolPerformance/tests/audit-worker-manual.test.ts:163:18)\n    at E:/Workplace/ToolPerformance/tests/audit-worker-manual.test.ts:295:5\n    at file:///E:/Workplace/ToolPerformance/node_modules/.pnpm/@vitest+runner@4.1.8/node_modules/@vitest/runner/dist/chunk-artifact.js:1903:20"},"msg":"Audit job threw"}
{"level":30,"time":"2026-06-12T05:13:09.225Z","pid":10764,"service":"worker","jobId":"job-missing-tab","action":"job.start","attempt":null,"msg":"Audit job starting"}
{"level":30,"time":"2026-06-12T05:13:09.225Z","pid":10764,"service":"worker","jobId":"job-missing-tab","action":"manual.lockAcquired","profileSessionId":"profile-1","msg":"Manual Chrome lock acquired"}
{"level":30,"time":"2026-06-12T05:13:09.225Z","pid":10764,"service":"worker","jobId":"job-missing-tab","action":"manual.start","targets":1,"formFactors":1,"runsPerPage":1,"totalRuns":1,"msg":"Manual audit plan resolved"}
{"level":30,"time":"2026-06-12T05:13:09.225Z","pid":10764,"service":"worker","jobId":"job-missing-tab","action":"manual.formFactor.start","route":"/01-dashboard","formFactor":"desktop","runsTotal":1,"hasPage":false,"hasAuditUrl":true,"msg":"Starting form factor"}
{"level":40,"time":"2026-06-12T05:13:09.225Z","pid":10764,"service":"worker","jobId":"job-missing-tab","action":"manual.tabMissing","route":"/01-dashboard","formFactor":"desktop","msg":"Manual tab missing ΓÇö skipping form factor"}
{"level":30,"time":"2026-06-12T05:13:09.226Z","pid":10764,"service":"worker","jobId":"job-missing-tab","action":"manual.lockReleased","profileSessionId":"profile-1","msg":"Manual Chrome lock released"}
{"level":50,"time":"2026-06-12T05:13:09.226Z","pid":10764,"service":"worker","jobId":"job-missing-tab","action":"job.error","durationMs":1,"mode":"manual-tabs","err":{"type":"Error","message":"All manual tab audits failed. First error: Selected tab is no longer open. Rescan tabs and try again.","stack":"Error: All manual tab audits failed. First error: Selected tab is no longer open. Rescan tabs and try again.\n    at processManualTabsAuditJob (E:/Workplace/ToolPerformance/src/worker/audit-worker.ts:545:13)\n    at processAuditJob (E:/Workplace/ToolPerformance/src/worker/audit-worker.ts:90:11)\n    at runManualJob (E:/Workplace/ToolPerformance/tests/audit-worker-manual.test.ts:163:18)\n    at E:/Workplace/ToolPerformance/tests/audit-worker-manual.test.ts:304:5\n    at file:///E:/Workplace/ToolPerformance/node_modules/.pnpm/@vitest+runner@4.1.8/node_modules/@vitest/runner/dist/chunk-artifact.js:1903:20"},"msg":"Audit job threw"}
 [32mΓ£ô[39m tests/audit-worker-manual.test.ts [2m([22m[2m5 tests[22m[2m)[22m[33m 5092[2mms[22m[39m
     [33m[2mΓ£ô[22m[39m claims the lock as running, audits the matched tab, and releases the lock [33m 4908[2mms[22m[39m
{"level":30,"time":"2026-06-12T05:13:09.234Z","pid":18268,"service":"worker","jobId":"job-manual-missing","action":"manual.lockReleased","profileSessionId":"profile-1","msg":"Manual Chrome lock released"}
{"level":30,"time":"2026-06-12T05:13:09.234Z","pid":18268,"service":"worker","jobId":"job-manual-missing","action":"job.done","durationMs":26,"mode":"manual-tabs","msg":"Audit job done"}
{"level":30,"time":"2026-06-12T05:13:09.242Z","pid":18268,"service":"worker","jobId":"job-manual-allfail","action":"job.start","attempt":null,"msg":"Audit job starting"}
{"level":30,"time":"2026-06-12T05:13:09.243Z","pid":18268,"service":"worker","jobId":"job-manual-allfail","action":"manual.lockAcquired","profileSessionId":"profile-1","msg":"Manual Chrome lock acquired"}
{"level":30,"time":"2026-06-12T05:13:09.243Z","pid":18268,"service":"worker","jobId":"job-manual-allfail","action":"manual.start","targets":1,"formFactors":1,"runsPerPage":1,"totalRuns":1,"msg":"Manual audit plan resolved"}
{"level":30,"time":"2026-06-12T05:13:09.243Z","pid":18268,"service":"worker","jobId":"job-manual-allfail","action":"manual.formFactor.start","route":"/01-home","formFactor":"desktop","runsTotal":1,"hasPage":true,"hasAuditUrl":true,"msg":"Starting form factor"}
{"level":40,"time":"2026-06-12T05:13:09.244Z","pid":18268,"service":"worker","jobId":"job-manual-allfail","action":"manual.runFailed","route":"/01-home","formFactor":"desktop","runIndex":1,"durationMs":10,"reason":"Navigation to https://app.example.com/secret timed out","msg":"Manual tab Lighthouse run failed"}
{"level":30,"time":"2026-06-12T05:13:09.244Z","pid":18268,"service":"worker","jobId":"job-manual-allfail","action":"manual.formFactor.done","route":"/01-home","formFactor":"desktop","status":"failed","successful":0,"failed":1,"runsTotal":1,"msg":"Form factor finished"}
{"level":30,"time":"2026-06-12T05:13:09.245Z","pid":18268,"service":"worker","jobId":"job-manual-allfail","action":"manual.lockReleased","profileSessionId":"profile-1","msg":"Manual Chrome lock released"}
{"level":50,"time":"2026-06-12T05:13:09.245Z","pid":18268,"service":"worker","jobId":"job-manual-allfail","action":"job.error","durationMs":3,"mode":"manual-tabs","err":{"type":"Error","message":"All manual tab audits failed. First error: Navigation to https://app.example.com/secret timed out","stack":"Error: All manual tab audits failed. First error: Navigation to https://app.example.com/secret timed out\n    at processManualTabsAuditJob (E:/Workplace/ToolPerformance/src/worker/audit-worker.ts:545:13)\n    at processAuditJob (E:/Workplace/ToolPerformance/src/worker/audit-worker.ts:90:11)\n    at E:/Workplace/ToolPerformance/tests/audit-worker-process.test.ts:366:5\n    at file:///E:/Workplace/ToolPerformance/node_modules/.pnpm/@vitest+runner@4.1.8/node_modules/@vitest/runner/dist/chunk-artifact.js:1903:20"},"msg":"Audit job threw"}
 [31mΓ¥»[39m tests/audit-worker-process.test.ts [2m([22m[2m9 tests[22m[2m | [22m[31m1 failed[39m[2m)[22m[33m 3870[2mms[22m[39m
     [33m[2mΓ£ô[22m[39m generates one Lighthouse HTML evidence report for each successful worker run [33m 3563[2mms[22m[39m
[31m     [31m├ù[31m runs compare environments sequentially and records environment evidence[39m[32m 86[2mms[22m[39m
     [32mΓ£ô[39m does not touch the manual store for static jobs[32m 44[2mms[22m[39m
     [32mΓ£ô[39m marks running, verifies ownership, runs each tab, and releases the lock[32m 38[2mms[22m[39m
     [32mΓ£ô[39m never leaks the raw audit url into progress or report metadata[32m 37[2mms[22m[39m
     [32mΓ£ô[39m fails closed before any CDP connection when markRunning returns null[32m 13[2mms[22m[39m
     [32mΓ£ô[39m aborts remaining runs and fails closed when lock renewal fails[32m 39[2mms[22m[39m
     [32mΓ£ô[39m records a missing-tab failure and still succeeds via another tab[32m 36[2mms[22m[39m
     [32mΓ£ô[39m fails with the first useful error when every manual run fails[32m 11[2mms[22m[39m
 [32mΓ£ô[39m tests/form-login.test.ts [2m([22m[2m9 tests[22m[2m)[22m[33m 2053[2mms[22m[39m
     [33m[2mΓ£ô[22m[39m accepts a successful submit response when the page does not emit navigation [33m 2018[2mms[22m[39m
 [32mΓ£ô[39m tests/audit-worker.test.ts [2m([22m[2m1 test[22m[2m)[22m[32m 3[2mms[22m[39m

[31mΓÄ»ΓÄ»ΓÄ»ΓÄ»ΓÄ»ΓÄ»ΓÄ»[39m[1m[41m Failed Tests 5 
[49m[22m[31mΓÄ»ΓÄ»ΓÄ»ΓÄ»ΓÄ»ΓÄ»ΓÄ»[39m

[41m[1m FAIL [22m[49m tests/audit-worker-process.test.ts[2m > [22maudit worker 
report evidence[2m > [22mruns compare environments sequentially and records environment 
evidence
[31m[1mAssertionError[22m: expected { fileName: 'index.html', ΓÇª(1) } to deeply equal 
{ fileName: 'index.html', ΓÇª(1) }[39m

[32m- Expected[39m
[31m+ Received[39m

[2m  {[22m
[2m    "fileName": "index.html",[22m
[32m-   "relativePath": "evidence/index.html",[39m
[31m+   "relativePath": "evidence\\index.html",[39m
[2m  }[22m

[36m [2mΓ¥»[22m tests/audit-worker-process.test.ts:[2m170:43[22m[39m
    [90m168|[39m       { name[33m:[39m [32m"Dev 3"[39m[33m,[39m 
baseUrl[33m:[39m [32m"https://dev3.example.com"[39m }
    [90m169|[39m     ])[33m;[39m
    [90m170|[39m     [34mexpect[39m(meta[33m.[39mevidence[33m.[39mindexHtmlReport)
[33m.[39m[34mtoEqual[39m({
    [90m   |[39m                                           [31m^[39m
    [90m171|[39m       fileName[33m:[39m [32m"index.html"[39m[33m,[39m
    [90m172|[39m       relativePath[33m:[39m [32m"evidence/index.html"[39m

[31m[2mΓÄ»ΓÄ»ΓÄ»ΓÄ»ΓÄ»ΓÄ»ΓÄ»ΓÄ»ΓÄ»ΓÄ»ΓÄ»ΓÄ»ΓÄ»ΓÄ»ΓÄ»ΓÄ»ΓÄ»ΓÄ»ΓÄ»ΓÄ»ΓÄ»ΓÄ»ΓÄ»ΓÄ»[1/5]ΓÄ»
[22m[39m

[41m[1m FAIL [22m[49m tests/env-config.test.ts[2m > [22mmanual Chrome runtime 
config[2m > [22mkeeps manual Chrome disabled with safe defaults
[31m[1mAssertionError[22m: expected { Object (enabled, autoOpen, ...) } to deeply 
equal { Object (enabled, autoOpen, ...) }[39m

[32m- Expected[39m
[31m+ Received[39m

[33m@@ -2,9 +2,10 @@[39m
[2m    "autoOpen": true,[22m
[2m    "enabled": false,[22m
[2m    "maxEvidenceBytes": 52428800,[22m
[2m    "maxEvidenceFiles": 100,[22m
[2m    "maxTabs": 20,[22m
[31m+   "mode": "auto-launch",[39m
[2m    "port": 9222,[22m
[2m    "profileDir": ".lh-audit/chrome-profile",[22m
[32m-   "startupTimeoutMs": 15000,[39m
[31m+   "startupTimeoutMs": 60000,[39m
[2m  }[22m

[36m [2mΓ¥»[22m tests/env-config.test.ts:[2m8:33[22m[39m
    [90m  6|[39m     [35mconst[39m config [33m=[39m [34mloadRuntimeConfig[39m({ 
[33mNODE_ENV[39m[33m:[39m [32m"test"[39m })[33m;[39m
    [90m  7|[39m
    [90m  8|[39m     
[34mexpect[39m(config[33m.[39mmanualChrome)[33m.[39m[34mtoEqual[39m({
    [90m   |[39m                                 [31m^[39m
    [90m  9|[39m       enabled[33m:[39m [35mfalse[39m[33m,[39m
    [90m 10|[39m       autoOpen[33m:[39m [35mtrue[39m[33m,[39m

[31m[2mΓÄ»ΓÄ»ΓÄ»ΓÄ»ΓÄ»ΓÄ»ΓÄ»ΓÄ»ΓÄ»ΓÄ»ΓÄ»ΓÄ»ΓÄ»ΓÄ»ΓÄ»ΓÄ»ΓÄ»ΓÄ»ΓÄ»ΓÄ»ΓÄ»ΓÄ»ΓÄ»ΓÄ»[2/5]ΓÄ»
[22m[39m

[41m[1m FAIL [22m[49m tests/env-config.test.ts[2m > [22mmanual Chrome runtime 
config[2m > [22mloads an enabled local manual Chrome configuration
[31m[1mAssertionError[22m: expected { enabled: true, autoOpen: true, ΓÇª(7) } to 
deeply equal { enabled: true, autoOpen: true, ΓÇª(6) }[39m

[32m- Expected[39m
[31m+ Received[39m

[33m@@ -2,9 +2,10 @@[39m
[2m    "autoOpen": true,[22m
[2m    "enabled": true,[22m
[2m    "maxEvidenceBytes": 1048576,[22m
[2m    "maxEvidenceFiles": 24,[22m
[2m    "maxTabs": 12,[22m
[31m+   "mode": "auto-launch",[39m
[2m    "port": 9333,[22m
[2m    "profileDir": "/tmp/perf-profile",[22m
[2m    "startupTimeoutMs": 20000,[22m
[2m  }[22m

[36m [2mΓ¥»[22m tests/env-config.test.ts:[2m34:33[22m[39m
    [90m 32|[39m
    [90m 33|[39m     expect(config.allowedHosts).toEqual(["example.com", 
"auth.example.ΓÇª
    [90m 34|[39m     
[34mexpect[39m(config[33m.[39mmanualChrome)[33m.[39m[34mtoEqual[39m({
    [90m   |[39m                                 [31m^[39m
    [90m 35|[39m       enabled[33m:[39m [35mtrue[39m[33m,[39m
    [90m 36|[39m       autoOpen[33m:[39m [35mtrue[39m[33m,[39m

[31m[2mΓÄ»ΓÄ»ΓÄ»ΓÄ»ΓÄ»ΓÄ»ΓÄ»ΓÄ»ΓÄ»ΓÄ»ΓÄ»ΓÄ»ΓÄ»ΓÄ»ΓÄ»ΓÄ»ΓÄ»ΓÄ»ΓÄ»ΓÄ»ΓÄ»ΓÄ»ΓÄ»ΓÄ»[3/5]ΓÄ»
[22m[39m

[41m[1m FAIL [22m[49m tests/manual-chrome-session.test.ts[2m > [22mmanual Chrome 
session manager[2m > [22mfails ownership verification when boot identity or marker 
changed
[31m[1mAssertionError[22m: promise resolved "{ profileSessionId: 'profile-1', ΓÇª(7) 
}" instead of rejecting[39m

[32m- Expected[39m
[31m+ Received[39m

[32m- Error {[39m
[32m-   "message": "rejected promise",[39m
[31m+ {[39m
[31m+   "expiresAt": "2099-06-11T10:01:00.000Z",[39m
[31m+   "ownerNonce": "owner-nonce",[39m
[31m+   "port": 9222,[39m
[31m+   "processId": 321,[39m
[31m+   "profileDir": ".lh-audit/chrome-profile",[39m
[31m+   "profileSessionId": "profile-1",[39m
[31m+   "serverInstanceId": "boot-1",[39m
[31m+   "startedAt": "2026-06-11T10:00:00.000Z",[39m
[2m  }[22m

[36m [2mΓ¥»[22m tests/manual-chrome-session.test.ts:[2m111:7[22m[39m
    [90m109|[39m       profileSessionId[33m:[39m 
owned[33m.[39mprofileSessionId[33m,[39m
    [90m110|[39m       serverInstanceId[33m:[39m [32m"boot-1"[39m
    [90m111|[39m     }))[33m.[39mrejects[33m.[39m[34mtoMatchObject[39m({ 
code[33m:[39m [32m"MANUAL_CHROME_UNOWNED"[39m })[33m;[39m
    [90m   |[39m       [31m^[39m
    [90m112|[39m
    [90m113|[39m     store[33m.[39mbootId [33m=[39m [32m"boot-2"[39m[33m;[39m

[31m[2mΓÄ»ΓÄ»ΓÄ»ΓÄ»ΓÄ»ΓÄ»ΓÄ»ΓÄ»ΓÄ»ΓÄ»ΓÄ»ΓÄ»ΓÄ»ΓÄ»ΓÄ»ΓÄ»ΓÄ»ΓÄ»ΓÄ»ΓÄ»ΓÄ»ΓÄ»ΓÄ»ΓÄ»[4/5]ΓÄ»
[22m[39m

[41m[1m FAIL [22m[49m tests/report-files.test.ts[2m > [22mreport file evidence[2m 
> [22mwrites a shared evidence index that groups Lighthouse reports by environment
[31m[1mAssertionError[22m: expected { fileName: 'index.html', ΓÇª(1) } to deeply equal 
{ fileName: 'index.html', ΓÇª(1) }[39m

[32m- Expected[39m
[31m+ Received[39m

[2m  {[22m
[2m    "fileName": "index.html",[22m
[32m-   "relativePath": "evidence/index.html",[39m
[31m+   "relativePath": "evidence\\index.html",[39m
[2m  }[22m

[36m [2mΓ¥»[22m tests/report-files.test.ts:[2m137:36[22m[39m
    [90m135|[39m     })[33m;[39m
    [90m136|[39m
    [90m137|[39m     
[34mexpect[39m(result[33m.[39mindexHtmlReport)[33m.[39m[34mtoEqual[39m({
    [90m   |[39m                                    [31m^[39m
    [90m138|[39m       fileName[33m:[39m [32m"index.html"[39m[33m,[39m
    [90m139|[39m       relativePath[33m:[39m [32m"evidence/index.html"[39m

[31m[2mΓÄ»ΓÄ»ΓÄ»ΓÄ»ΓÄ»ΓÄ»ΓÄ»ΓÄ»ΓÄ»ΓÄ»ΓÄ»ΓÄ»ΓÄ»ΓÄ»ΓÄ»ΓÄ»ΓÄ»ΓÄ»ΓÄ»ΓÄ»ΓÄ»ΓÄ»ΓÄ»ΓÄ»[5/5]ΓÄ»
[22m[39m


[2m Test Files [22m [1m[31m4 failed[39m[22m[2m | [22m[1m[32m24 passed[39m[22m[90m (28)[39m
[2m      Tests [22m [1m[31m5 failed[39m[22m[2m | [22m[1m[32m142 passed[39m[22m[90m (147)[39m
[2m   Start at [22m 12:13:03
[2m   Duration [22m 7.15s[2m (transform 2.39s, setup 0ms, import 22.77s, tests 13.71s, environment 5ms)[22m

[ELIFECYCLE] Test failed. See above for more details.
